Microchip MPLAB XC8 Compiler V2.45

Linker command line:

-W-3 \
  --edf=C:\Program Files\Microchip\xc8\v2.45\pic\dat\20230818022343_en.msgs \
  -cn -h+dist/default/production\Traffic_Light.X.production.sym \
  --cmf=dist/default/production\Traffic_Light.X.production.cmf -z -Q18F4620 \
  -oC:\Users\laphouse\AppData\Local\Temp\xcAs26o.\driver_tmp_3.o \
  --defsym=__MPLAB_BUILD=1 --fixupoverflow=error \
  -Mdist/default/production/Traffic_Light.X.production.map \
  --md=C:\Users\laphouse\AppData\Local\Temp\xcAs26o.\driver_tmp_0.dat -E1 \
  -ver=XC8 Compiler --acfsm=1493 -ACODE=00h-0FFFFh -ACONST=00h-0FFFFh \
  -ASMALLCONST=01000h-010FFhx240 -AMEDIUMCONST=01000h-0FFFFh \
  -ACOMRAM=01h-07Fh -AABS1=00h-0F7Fh -ABIGRAM=01h-0F7Fh \
  -ARAM=080h-0FFh,0100h-01FFhx14,0F00h-0F7Fh -ABANK0=080h-0FFh \
  -ABANK1=0100h-01FFh -ABANK2=0200h-02FFh -ABANK3=0300h-03FFh \
  -ABANK4=0400h-04FFh -ABANK5=0500h-05FFh -ABANK6=0600h-06FFh \
  -ABANK7=0700h-07FFh -ABANK8=0800h-08FFh -ABANK9=0900h-09FFh \
  -ABANK10=0A00h-0AFFh -ABANK11=0B00h-0BFFh -ABANK12=0C00h-0CFFh \
  -ABANK13=0D00h-0DFFh -ABANK14=0E00h-0EFFh -ABANK15=0F00h-0F7Fh \
  -ASFR=0F80h-0FFFh -ABIGSFR=0F80h-0FFFh -ACONFIG=0300000h-030000Dh \
  -AIDLOC=0200000h-0200007h -AEEDATA=0F00000h-0F003FFh -peeprom_data=EEDATA \
  -preset_vec=00h,intcode=08h,intcodelo,powerup,init -pramtop=01000h \
  -psmallconst=SMALLCONST -pmediumconst=MEDIUMCONST -pconst=CONST \
  -AFARRAM=00h-00h \
  -prdata=COMRAM,nvrram=COMRAM,nvbit=COMRAM,rbss=COMRAM,rbit=COMRAM \
  -pfarbss=FARRAM,fardata=FARRAM,nvFARRAM=FARRAM \
  -pintsave_regs=BIGRAM,bigbss=BIGRAM,bigdata=BIGRAM -pbss=RAM \
  -pidata=CODE,irdata=CODE,ibigdata=CODE,ifardata=CODE -prparam=COMRAM \
  C:\Users\laphouse\AppData\Local\Temp\xcAs26o.\driver_tmp_9.o \
  dist/default/production\Traffic_Light.X.production.o 

Object code version is 3.11

Machine type is 18F4620



                Name                               Link     Load   Length Selector   Space Scale
C:\Users\laphouse\AppData\Local\Temp\xcAs26o.\driver_tmp_9.o
                init                                  E        E        4        4       0
                reset_vec                             0        0        4        0       0
dist/default/production\Traffic_Light.X.production.o
                intcode                               8        8        6        4       0
                temp                                 65       65        1        1       1
                smallconst                         1000     1000        2      800       0
                text24                             1CF0     1CF0        4      801       0
                text23                             1CEC     1CEC        4      801       0
                text22                             1CE8     1CE8        4      801       0
                text21                             1CCA     1CCA       1A      801       0
                text20                             1CB0     1CB0       1A      801       0
                text19                             1C96     1C96       1A      801       0
                text18                             1C7C     1C7C       1A      801       0
                text17                             1CE4     1CE4        4      801       0
                text16                             1C10     1C10       38      801       0
                intcode_body                       1002     1002      2B6      801       0
                text14                             1630     1630       C4      801       0
                text13                             17AC     17AC       B0      801       0
                text12                             1BD6     1BD6       3A      801       0
                text11                             196A     196A       76      801       0
                text10                             1B9C     1B9C       3A      801       0
                text9                              1AC8     1AC8       52      801       0
                text8                              185C     185C       8E      801       0
                text7                              13FA     13FA      126      801       0
                text6                              1520     1520      110      801       0
                text5                              18EA     18EA       80      801       0
                text4                              16F4     16F4       B8      801       0
                text3                              1B1A     1B1A       48      801       0
                text2                              1A54     1A54       74      801       0
                text1                              19E0     19E0       74      801       0
                text0                              12B8     12B8      142      801       0
                cstackCOMRAM                         54       54       10        1       1
                dataCOMRAM                            1        1       34        1       1
                bssCOMRAM                            35       35       1F        1       1
                cinit                              1B62     1B62       3A      801       0
                nvCOMRAM                             64       64        1        1       1
                idataCOMRAM                        1C48     1C48       34      801       0

TOTAL           Name                               Link     Load   Length     Space
        CLASS   CODE           
                intcode                               8        8        6         0
                init                                  E        E        4         0
                reset_vec                             0        0        4         0
                text24                             1CF0     1CF0        4         0
                text23                             1CEC     1CEC        4         0
                text22                             1CE8     1CE8        4         0
                text21                             1CCA     1CCA       1A         0
                text20                             1CB0     1CB0       1A         0
                text19                             1C96     1C96       1A         0
                text18                             1C7C     1C7C       1A         0
                text17                             1CE4     1CE4        4         0
                text16                             1C10     1C10       38         0
                intcode_body                       1002     1002      2B6         0
                text14                             1630     1630       C4         0
                text13                             17AC     17AC       B0         0
                text12                             1BD6     1BD6       3A         0
                text11                             196A     196A       76         0
                text10                             1B9C     1B9C       3A         0
                text9                              1AC8     1AC8       52         0
                text8                              185C     185C       8E         0
                text7                              13FA     13FA      126         0
                text6                              1520     1520      110         0
                text5                              18EA     18EA       80         0
                text4                              16F4     16F4       B8         0
                text3                              1B1A     1B1A       48         0
                text2                              1A54     1A54       74         0
                text1                              19E0     19E0       74         0
                text0                              12B8     12B8      142         0
                cinit                              1B62     1B62       3A         0
                idataCOMRAM                        1C48     1C48       34         0

        CLASS   CONST          

        CLASS   SMALLCONST     
                smallconst                         1000     1000        2         0

        CLASS   MEDIUMCONST    

        CLASS   COMRAM         
                temp                                 65       65        1         1
                cstackCOMRAM                         54       54       10         1
                dataCOMRAM                            1        1       34         1
                bssCOMRAM                            35       35       1F         1
                nvCOMRAM                             64       64        1         1

        CLASS   ABS1           

        CLASS   BIGRAM         

        CLASS   RAM            

        CLASS   BANK0          

        CLASS   BANK1          

        CLASS   BANK2          

        CLASS   BANK3          

        CLASS   BANK4          

        CLASS   BANK5          

        CLASS   BANK6          

        CLASS   BANK7          

        CLASS   BANK8          

        CLASS   BANK9          

        CLASS   BANK10         

        CLASS   BANK11         

        CLASS   BANK12         

        CLASS   BANK13         

        CLASS   BANK14         

        CLASS   BANK15         

        CLASS   SFR            

        CLASS   BIGSFR         

        CLASS   CONFIG         

        CLASS   IDLOC          

        CLASS   EEDATA         

        CLASS   FARRAM         

        CLASS   HEAP           

        CLASS   STACK          



SEGMENTS        Name                           Load    Length   Top    Selector   Space  Class

                reset_vec                      000000  000004  000004         0       0  CODE    
                dataCOMRAM                     000001  000065  000066         1       1  COMRAM  
                intcode                        000008  00000A  000012         4       0  CODE    
                smallconst                     001000  000002  001002       800       0  SMALLCON
                intcode_body                   001002  000CF2  001CF4       801       0  CODE    


UNUSED ADDRESS RANGES

        Name                Unused          Largest block    Delta
        BANK0            0080-00FF             80
        BANK1            0100-01FF            100
        BANK10           0A00-0AFF            100
        BANK11           0B00-0BFF            100
        BANK12           0C00-0CFF            100
        BANK13           0D00-0DFF            100
        BANK14           0E00-0EFF            100
        BANK15           0F00-0F7F             80
        BANK2            0200-02FF            100
        BANK3            0300-03FF            100
        BANK4            0400-04FF            100
        BANK5            0500-05FF            100
        BANK6            0600-06FF            100
        BANK7            0700-07FF            100
        BANK8            0800-08FF            100
        BANK9            0900-09FF            100
        BIGRAM           0066-0F7F            F1A
        BIGSFR           0F80-0FFF             80
        CODE             0004-0007              4
                         0012-0FFF            FEE
                         1CF4-FFFF           E30C
        COMRAM           0066-007F             1A
        CONFIG           300000-30000D              E
        CONST            0004-0007              4
                         0012-0FFF            FEE
                         1CF4-FFFF           E30C
        EEDATA           F00000-F003FF            400
        IDLOC            200000-200007              8
        MEDIUMCONST      1CF4-FFFF           E30C
        RAM              0080-0F7F            100
        SFR              0F80-0FFF             80
        SMALLCONST       1CF4-FFFF            100

                                  Symbol Table

?___awdiv                           cstackCOMRAM 0057
?___awmod                           cstackCOMRAM 0057
RB4_ISR@RB4_Source                  cstackCOMRAM 0054
RB5_ISR@RB5_Source                  cstackCOMRAM 0054
RB6_ISR@RB6_Source                  cstackCOMRAM 0054
RB7_ISR@RB7_Source                  cstackCOMRAM 0054
Timer0_Init@ret                     cstackCOMRAM 005C
Timer0_Init@timer                   cstackCOMRAM 0059
Timer0_Mode_Select@timer            cstackCOMRAM 0057
Timer0_Reg_Size@timer               cstackCOMRAM 0057
Timer0_prescaler_config@timer       cstackCOMRAM 0057
_INT0_ISR                           text24       1CF0
_INT0_InterruptHandler              bssCOMRAM    004D
_INT1_ISR                           text23       1CEC
_INT1_InterruptHandler              bssCOMRAM    004B
_INT2_ISR                           text22       1CE8
_INT2_InterruptHandler              bssCOMRAM    0049
_INTCON2bits                        (abs)        0FF1
_INTCON3bits                        (abs)        0FF0
_INTCONbits                         (abs)        0FF2
_InterruptManager                   intcode      0008
_LATA                               (abs)        0F89
_LATB                               (abs)        0F8A
_LATC                               (abs)        0F8B
_LATD                               (abs)        0F8C
_LATE                               (abs)        0F8D
_PORTA                              (abs)        0F80
_PORTB                              (abs)        0F81
_PORTBbits                          (abs)        0F81
_PORTC                              (abs)        0F82
_PORTD                              (abs)        0F83
_PORTE                              (abs)        0F84
_RB4_Flag                           dataCOMRAM   0023
_RB4_ISR                            text21       1CCA
_RB4_InterruptHandler_HIGH          bssCOMRAM    0047
_RB4_InterruptHandler_LOW           bssCOMRAM    0045
_RB5_Flag                           dataCOMRAM   0022
_RB5_ISR                            text20       1CB0
_RB5_InterruptHandler_HIGH          bssCOMRAM    0043
_RB5_InterruptHandler_LOW           bssCOMRAM    0041
_RB6_Flag                           dataCOMRAM   0021
_RB6_ISR                            text19       1C96
_RB6_InterruptHandler_HIGH          bssCOMRAM    003F
_RB6_InterruptHandler_LOW           bssCOMRAM    003D
_RB7_Flag                           dataCOMRAM   0020
_RB7_ISR                            text18       1C7C
_RB7_InterruptHandler_HIGH          bssCOMRAM    003B
_RB7_InterruptHandler_LOW           bssCOMRAM    0039
_T0CONbits                          (abs)        0FD5
_TMR0H                              (abs)        0FD7
_TMR0L                              (abs)        0FD6
_TMR0_ISR                           text16       1C10
_TRISA                              (abs)        0F92
_TRISB                              (abs)        0F93
_TRISC                              (abs)        0F94
_TRISD                              (abs)        0F95
_TRISE                              (abs)        0F96
_Timer0_Init                        text8        185C
_Timer0_InterruptHandler            bssCOMRAM    0037
_Timer0_Mode_Select                 text11       196A
_Timer0_Reg_Size                    text10       1B9C
_Timer0_prescaler_config            text9        1AC8
__HRAM                              (abs)        0000
__H__absolute__                     __absolute__ 0000
__Habs1                             abs1         0000
__Hbank0                            bank0        0000
__Hbank1                            bank1        0000
__Hbank10                           bank10       0000
__Hbank11                           bank11       0000
__Hbank12                           bank12       0000
__Hbank13                           bank13       0000
__Hbank14                           bank14       0000
__Hbank15                           bank15       0000
__Hbank2                            bank2        0000
__Hbank3                            bank3        0000
__Hbank4                            bank4        0000
__Hbank5                            bank5        0000
__Hbank6                            bank6        0000
__Hbank7                            bank7        0000
__Hbank8                            bank8        0000
__Hbank9                            bank9        0000
__Hbigbss                           bigbss       0000
__Hbigdata                          bigdata      0000
__Hbigram                           bigram       0000
__Hbigsfr                           bigsfr       0000
__Hbss                              bss          0000
__HbssCOMRAM                        bssCOMRAM    0000
__Hcinit                            cinit        0000
__Hclrtext                          clrtext      0000
__Hcomram                           comram       0000
__Hconfig                           config       0000
__Hconst                            const        0000
__HcstackCOMRAM                     cstackCOMRAM 0000
__Hdata                             data         0000
__HdataCOMRAM                       dataCOMRAM   0000
__Heeprom_data                      eeprom_data  0000
__Hfarbss                           farbss       0000
__Hfardata                          fardata      0000
__Hheap                             heap         0000
__Hibigdata                         ibigdata     0000
__Hidata                            idata        0000
__HidataCOMRAM                      idataCOMRAM  0000
__Hidloc                            idloc        0000
__Hifardata                         ifardata     0000
__Hinit                             init         0012
__Hintcode                          intcode      000E
__Hintcode_body                     intcode_body 0000
__Hintcodelo                        intcodelo    000E
__Hintentry                         intentry     0000
__Hintret                           intret       0000
__Hintsave_regs                     intsave_regs 0000
__Hirdata                           irdata       0000
__Hmediumconst                      mediumconst  0000
__HnvCOMRAM                         nvCOMRAM     0000
__HnvFARRAM                         nvFARRAM     0000
__Hnvbit                            nvbit        0000
__Hnvrram                           nvrram       0000
__Hparam                            rparam       0000
__Hpowerup                          powerup      000E
__Hram                              ram          0000
__Hramtop                           ramtop       1000
__Hrbit                             rbit         0000
__Hrbss                             rbss         0000
__Hrdata                            rdata        0000
__Hreset_vec                        reset_vec    0004
__Hrparam                           rparam       0000
__Hsfr                              sfr          0000
__Hsmallconst                       smallconst   1002
__Hspace_0                          (abs)        1CF4
__Hspace_1                          (abs)        0066
__Hspace_2                          (abs)        0000
__Hspace_4                          (abs)        0000
__Hstack                            stack        0000
__Hstruct                           struct       0000
__Htemp                             temp         0066
__Htext                             text         0000
__Htext0                            text0        0000
__Htext1                            text1        0000
__Htext10                           text10       0000
__Htext11                           text11       0000
__Htext12                           text12       0000
__Htext13                           text13       0000
__Htext14                           text14       0000
__Htext16                           text16       0000
__Htext17                           text17       0000
__Htext18                           text18       0000
__Htext19                           text19       0000
__Htext2                            text2        0000
__Htext20                           text20       0000
__Htext21                           text21       0000
__Htext22                           text22       0000
__Htext23                           text23       0000
__Htext24                           text24       0000
__Htext25                           text25       0000
__Htext3                            text3        0000
__Htext4                            text4        0000
__Htext5                            text5        0000
__Htext6                            text6        0000
__Htext7                            text7        0000
__Htext8                            text8        0000
__Htext9                            text9        0000
__LRAM                              (abs)        0001
__L__absolute__                     __absolute__ 0000
__Labs1                             abs1         0000
__Lbank0                            bank0        0000
__Lbank1                            bank1        0000
__Lbank10                           bank10       0000
__Lbank11                           bank11       0000
__Lbank12                           bank12       0000
__Lbank13                           bank13       0000
__Lbank14                           bank14       0000
__Lbank15                           bank15       0000
__Lbank2                            bank2        0000
__Lbank3                            bank3        0000
__Lbank4                            bank4        0000
__Lbank5                            bank5        0000
__Lbank6                            bank6        0000
__Lbank7                            bank7        0000
__Lbank8                            bank8        0000
__Lbank9                            bank9        0000
__Lbigbss                           bigbss       0000
__Lbigdata                          bigdata      0000
__Lbigram                           bigram       0000
__Lbigsfr                           bigsfr       0000
__Lbss                              bss          0000
__LbssCOMRAM                        bssCOMRAM    0000
__Lcinit                            cinit        0000
__Lclrtext                          clrtext      0000
__Lcomram                           comram       0000
__Lconfig                           config       0000
__Lconst                            const        0000
__LcstackCOMRAM                     cstackCOMRAM 0000
__Ldata                             data         0000
__LdataCOMRAM                       dataCOMRAM   0000
__Leeprom_data                      eeprom_data  0000
__Lfarbss                           farbss       0000
__Lfardata                          fardata      0000
__Lheap                             heap         0000
__Libigdata                         ibigdata     0000
__Lidata                            idata        0000
__LidataCOMRAM                      idataCOMRAM  0000
__Lidloc                            idloc        0000
__Lifardata                         ifardata     0000
__Linit                             init         000E
__Lintcode                          intcode      0008
__Lintcode_body                     intcode_body 0000
__Lintcodelo                        intcodelo    000E
__Lintentry                         intentry     0000
__Lintret                           intret       0000
__Lintsave_regs                     intsave_regs 0000
__Lirdata                           irdata       0000
__Lmediumconst                      mediumconst  0000
__LnvCOMRAM                         nvCOMRAM     0000
__LnvFARRAM                         nvFARRAM     0000
__Lnvbit                            nvbit        0000
__Lnvrram                           nvrram       0000
__Lparam                            rparam       0000
__Lpowerup                          powerup      000E
__Lram                              ram          0000
__Lramtop                           ramtop       1000
__Lrbit                             rbit         0000
__Lrbss                             rbss         0000
__Lrdata                            rdata        0000
__Lreset_vec                        reset_vec    0000
__Lrparam                           rparam       0000
__Lsfr                              sfr          0000
__Lsmallconst                       smallconst   1000
__Lspace_0                          (abs)        0000
__Lspace_1                          (abs)        0000
__Lspace_2                          (abs)        0000
__Lspace_4                          (abs)        0000
__Lstack                            stack        0000
__Lstruct                           struct       0000
__Ltemp                             temp         0065
__Ltext                             text         0000
__Ltext0                            text0        0000
__Ltext1                            text1        0000
__Ltext10                           text10       0000
__Ltext11                           text11       0000
__Ltext12                           text12       0000
__Ltext13                           text13       0000
__Ltext14                           text14       0000
__Ltext16                           text16       0000
__Ltext17                           text17       0000
__Ltext18                           text18       0000
__Ltext19                           text19       0000
__Ltext2                            text2        0000
__Ltext20                           text20       0000
__Ltext21                           text21       0000
__Ltext22                           text22       0000
__Ltext23                           text23       0000
__Ltext24                           text24       0000
__Ltext25                           text25       0000
__Ltext3                            text3        0000
__Ltext4                            text4        0000
__Ltext5                            text5        0000
__Ltext6                            text6        0000
__Ltext7                            text7        0000
__Ltext8                            text8        0000
__Ltext9                            text9        0000
__S0                                (abs)        1CF4
__S1                                (abs)        0066
__S4                                (abs)        0000
__S5                                (abs)        0000
___awdiv                            text14       1630
___awdiv@counter                    cstackCOMRAM 005B
___awdiv@dividend                   cstackCOMRAM 0057
___awdiv@divisor                    cstackCOMRAM 0059
___awdiv@quotient                   cstackCOMRAM 005D
___awdiv@sign                       cstackCOMRAM 005C
___awmod                            text13       17AC
___awmod@counter                    cstackCOMRAM 005B
___awmod@dividend                   cstackCOMRAM 0057
___awmod@divisor                    cstackCOMRAM 0059
___awmod@sign                       cstackCOMRAM 005C
___heap_hi                          (abs)        0000
___heap_lo                          (abs)        0000
___inthi_sp                         stack        0000
___inthi_stack_hi                   stack        0000
___inthi_stack_lo                   stack        0000
___intlo_sp                         stack        0000
___intlo_stack_hi                   stack        0000
___intlo_stack_lo                   stack        0000
___param_bank                       (abs)        0000
___rparam_used                      (abs)        0001
___sp                               stack        0000
___stack_hi                         stack        0000
___stack_lo                         stack        0000
__accesstop                         (abs)        0080
__activetblptr                      (abs)        0002
__end_of_INT0_ISR                   text24       1CF4
__end_of_INT1_ISR                   text23       1CF0
__end_of_INT2_ISR                   text22       1CEC
__end_of_InterruptManager           intcode_body 12B8
__end_of_RB4_ISR                    text21       1CE4
__end_of_RB5_ISR                    text20       1CCA
__end_of_RB6_ISR                    text19       1CB0
__end_of_RB7_ISR                    text18       1C96
__end_of_TMR0_ISR                   text16       1C48
__end_of_Timer0_Init                text8        18EA
__end_of_Timer0_Mode_Select         text11       19E0
__end_of_Timer0_Reg_Size            text10       1BD6
__end_of_Timer0_prescaler_config    text9        1B1A
__end_of___awdiv                    text14       16F4
__end_of___awmod                    text13       185C
__end_of__initialization            cinit        1B8E
__end_of_gpio_pin_direction_init    text7        1520
__end_of_gpio_pin_write_logic       text6        1630
__end_of_gpio_port_write_logic      text12       1C10
__end_of_init                       text3        1B62
__end_of_led_init                   text5        196A
__end_of_led_turn_off               text2        1AC8
__end_of_led_turn_on                text1        1A54
__end_of_main                       text0        13FA
__end_of_seven_segment_init         text4        17AC
__end_of_tmr0_isr                   text17       1CE8
__initialization                    cinit        1B62
__mediumconst                       mediumconst  0000
__pbssCOMRAM                        bssCOMRAM    0035
__pcinit                            cinit        1B62
__pcstackCOMRAM                     cstackCOMRAM 0054
__pdataCOMRAM                       dataCOMRAM   0001
__pidataCOMRAM                      idataCOMRAM  1C48
__pintcode                          intcode      0008
__pintcode_body                     intcode_body 1002
__pnvCOMRAM                         nvCOMRAM     0064
__psmallconst                       smallconst   1000
__ptext0                            text0        12B8
__ptext1                            text1        19E0
__ptext10                           text10       1B9C
__ptext11                           text11       196A
__ptext12                           text12       1BD6
__ptext13                           text13       17AC
__ptext14                           text14       1630
__ptext16                           text16       1C10
__ptext17                           text17       1CE4
__ptext18                           text18       1C7C
__ptext19                           text19       1C96
__ptext2                            text2        1A54
__ptext20                           text20       1CB0
__ptext21                           text21       1CCA
__ptext22                           text22       1CE8
__ptext23                           text23       1CEC
__ptext24                           text24       1CF0
__ptext25                           text25       0000
__ptext3                            text3        1B1A
__ptext4                            text4        16F4
__ptext5                            text5        18EA
__ptext6                            text6        1520
__ptext7                            text7        13FA
__ptext8                            text8        185C
__ptext9                            text9        1AC8
__ramtop                            ramtop       1000
__smallconst                        smallconst   1000
_color                              bssCOMRAM    004F
_gpio_pin_direction_init            text7        13FA
_gpio_pin_write_logic               text6        1520
_gpio_port_write_logic              text12       1BD6
_green_led                          dataCOMRAM   0032
_init                               text3        1B1A
_lat_reg                            dataCOMRAM   000B
_led_init                           text5        18EA
_led_turn_off                       text2        1A54
_led_turn_on                        text1        19E0
_main                               text0        12B8
_pin0                               dataCOMRAM   0031
_pin1                               dataCOMRAM   0030
_port_reg                           dataCOMRAM   0001
_red_led                            dataCOMRAM   0034
_ret                                nvCOMRAM     0064
_seconds                            dataCOMRAM   001F
_seven_seg_obj                      dataCOMRAM   002B
_seven_segment_init                 text4        16F4
_timer0_obj                         dataCOMRAM   0024
_timer0_preload                     bssCOMRAM    0035
_tmr0_isr                           text17       1CE4
_tris_reg                           dataCOMRAM   0015
_yellow_led                         dataCOMRAM   0033
btemp                               temp         0065
end_of_initialization               cinit        1B8E
gpio_pin_direction_init@_pin_config cstackCOMRAM 0057
gpio_pin_direction_init@ret         cstackCOMRAM 005D
gpio_pin_write_logic@_pin_config    cstackCOMRAM 0057
gpio_pin_write_logic@logic          cstackCOMRAM 0058
gpio_pin_write_logic@ret            cstackCOMRAM 005E
gpio_port_write_logic@logic         cstackCOMRAM 005F
gpio_port_write_logic@port          cstackCOMRAM 0062
int$flags                           temp         0065
int_func                            intcode_body 1002
intlevel0                           text         0000
intlevel1                           text         0000
intlevel2                           text         0000
intlevel3                           text         0000
isa$std                             (abs)        0001
isa$xinst                           (abs)        0000
led_init@F3065                      bssCOMRAM    0053
led_init@led                        cstackCOMRAM 005F
led_init@pin_obj                    cstackCOMRAM 0062
led_init@ret                        cstackCOMRAM 0061
led_toggle@F3080                    bssCOMRAM    0050
led_turn_off@F3075                  bssCOMRAM    0051
led_turn_off@led                    cstackCOMRAM 005F
led_turn_off@pin_obj                cstackCOMRAM 0062
led_turn_off@ret                    cstackCOMRAM 0061
led_turn_on@F3070                   bssCOMRAM    0052
led_turn_on@led                     cstackCOMRAM 005F
led_turn_on@pin_obj                 cstackCOMRAM 0062
led_turn_on@ret                     cstackCOMRAM 0061
seven_segment_init@ret              cstackCOMRAM 0060
seven_segment_init@seg              cstackCOMRAM 005F
stackhi                             (abs)        0000
stacklo                             (abs)        0000
start                               init         000E
start_initialization                cinit        1B62
ttemp5                              temp         0066
ttemp6                              temp         0069
ttemp7                              temp         006D
wtemp8                              temp         0066


MODULE INFORMATION

Module		Function		Class		Link	Load	Size
MCAL_layer/Interrupt/mcal_interrupt_manager.c
		_InterruptManager		CODE           	0008	0000	700

MCAL_layer/Interrupt/mcal_interrupt_manager.c estimated size: 700

MCAL_layer/Interrupt/mcal_external_interrupt.c
		_RB4_ISR       		CODE           	1CCA	0000	26
		_RB5_ISR       		CODE           	1CB0	0000	26
		_RB6_ISR       		CODE           	1C96	0000	26
		_RB7_ISR       		CODE           	1C7C	0000	26
		_INT0_ISR      		CODE           	1CF0	0000	4
		_INT1_ISR      		CODE           	1CEC	0000	4
		_INT2_ISR      		CODE           	1CE8	0000	4

MCAL_layer/Interrupt/mcal_external_interrupt.c estimated size: 116

MCAL_layer/GPIO/hal_gpio.c
		_gpio_pin_write_logic		CODE           	1520	0000	272
		_gpio_pin_direction_init		CODE           	13FA	0000	294
		_gpio_port_write_logic		CODE           	1BD6	0000	58

MCAL_layer/GPIO/hal_gpio.c estimated size: 624

MCAL_layer/TIMER0/hal_timer0.c
		_Timer0_Init   		CODE           	185C	0000	142
		_Timer0_prescaler_config		CODE           	1AC8	0000	82
		_Timer0_Reg_Size		CODE           	1B9C	0000	58
		_Timer0_Mode_Select		CODE           	196A	0000	118
		_TMR0_ISR      		CODE           	1C10	0000	56

MCAL_layer/TIMER0/hal_timer0.c estimated size: 456

C:\Program Files\Microchip\xc8\v2.45\pic\sources\c99\common\awmod.c
		___awmod       		CODE           	17AC	0000	176

C:\Program Files\Microchip\xc8\v2.45\pic\sources\c99\common\awmod.c estimated size: 176

ECU_layer/SEVEN_SEG/ecu_seven_seg.c
		_seven_segment_init		CODE           	16F4	0000	184

ECU_layer/SEVEN_SEG/ecu_seven_seg.c estimated size: 184

shared
		__initialization		CODE           	1B62	0000	44

shared estimated size: 44

ECU_layer/LED/ecu_led.c
		_led_init      		CODE           	18EA	0000	128
		_led_turn_on   		CODE           	19E0	0000	116
		_led_turn_off  		CODE           	1A54	0000	116

ECU_layer/LED/ecu_led.c estimated size: 360

application.c
		_init          		CODE           	1B1A	0000	72
		_tmr0_isr      		CODE           	1CE4	0000	4
		_main          		CODE           	12B8	0000	322

application.c estimated size: 398

C:\Program Files\Microchip\xc8\v2.45\pic\sources\c99\common\awdiv.c
		___awdiv       		CODE           	1630	0000	196

C:\Program Files\Microchip\xc8\v2.45\pic\sources\c99\common\awdiv.c estimated size: 196

